Claude CLI is working!